### **Test Report**

After running the tests, you will get an output similar to the following when executing the tests using `unittest`:

Example output:
```bash
$ python -m unittest test_library_management_system.py

.test_add_book
.test_add_book_invalid_details
.test_borrow_book
.test_return_book
.test_borrow_unavailable_book
.test_return_unborrowed_book

----------------------------------------------------------------------
Ran 6 tests in 0.002s

OK
